// Vitest Snapshot v1, https://vitest.dev/guide/snapshot.html

exports[`basic 1`] = `
"// basic.d.ts

//#region tests/fixtures/basic.d.ts
declare const foo: number;
type SomeType<T> = T;
type FooType = string;
interface Interface {}
declare function fn(arg0: SomeType<FooType>, opt: Interface): void;
declare enum Enum {
	A = 0,
	B = 1,
	C = 2
}
declare class Cls {
	foo: string;
	fn(e: Enum): void;
}

//#endregion
export { Cls, Enum, fn, foo };
// basic.js

//#region tests/fixtures/basic.ts
const foo = 42;
function fn(arg0, opt) {}
let Enum = /* @__PURE__ */ function(Enum$1) {
	Enum$1[Enum$1["A"] = 0] = "A";
	Enum$1[Enum$1["B"] = 1] = "B";
	Enum$1[Enum$1["C"] = 2] = "C";
	return Enum$1;
}({});
var Cls = class {
	foo;
	fn(e) {}
};

//#endregion
export { Cls, Enum, fn, foo };"
`;

exports[`input alias 1`] = `
"// input2-eM-jH71Q.js

//#region shared.ts
const shared = { shared: "shared" };

//#endregion
//#region input2.ts
const input2 = {
	...shared,
	input2: "input2"
};

//#endregion
export { input2 };
// input2.d-D6mB_nrs.d.ts

//#region shared.d.ts
interface Shared {
    shared: string;
}
declare const shared: Shared;

//#endregion
//#region input2.d.ts
interface Input2 extends Shared {
    input2: string;
}
declare const input2: Input2;

//#endregion
export { Input2, input2 as input2$1 };
// output1.d.ts
import { Input2 } from "./input2.d-D6mB_nrs.js";

//#region input1.d.ts
interface Input1 extends Input2 {
    input1: string;
}
declare const input1: Input1;

//#endregion
export { Input1, input1 };
// output1.js
import { input2 } from "./input2-eM-jH71Q.js";

//#region input1.ts
const input1 = {
	...input2,
	input1: "input1"
};

//#endregion
export { input1 };
// output2/index.d.ts
import { Input2, input2$1 as input2 } from "../input2.d-D6mB_nrs.js";

export { Input2, input2 };
// output2/index.js
import { input2 } from "../input2-eM-jH71Q.js";

export { input2 };"
`;

exports[`paths 1`] = `
"// index.d.ts

//#region tests/fixtures/paths/mod.d.ts
declare const foo = 42;

//#endregion
export { foo };"
`;

exports[`tsx 1`] = `
"// tsx.d.ts
import { JSX } from "solid-js";

//#region tests/fixtures/tsx.d.ts
declare function createComponent(): JSX.HTMLAttributes<HTMLElement>;

//#endregion
export { createComponent };
// tsx.js
import { jsx } from "react/jsx-runtime";

//#region tests/fixtures/tsx.tsx
function createComponent() {
	return /* @__PURE__ */ jsx("div", {});
}

//#endregion
export { createComponent };"
`;

exports[`typescript compiler 1`] = `
"// entry1.d.ts


declare const str = "foo";
declare const num = 42;
declare const bool = true;
declare function fn(arg: typeof str): "foo" | 1;

//#endregion

declare const vfs: number;

//#endregion
export { bool, fn, num, str, vfs };
// entry2.d.ts


interface Unused {
    foo: string;
}

//#endregion
export { Unused };"
`;
